2026-10-06T00:01:59.631+08:00  INFO 33452 --- [techo] [SpringApplicationShutdownHook] o.s.boot.tomcat.GracefulShutdown         : Commencing graceful shutdown. Waiting for active requests to complete
2026-10-06T00:01:59.648+08:00  INFO 33452 --- [techo] [tomcat-shutdown] o.s.boot.tomcat.GracefulShutdown         : Graceful shutdown complete
2026-10-06T00:01:59.653+08:00  INFO 33452 --- [techo] [SpringApplicationShutdownHook] com.zaxxer.hikari.HikariDataSource       : techo-pool - Shutdown initiated...
2026-10-06T00:01:59.656+08:00  INFO 33452 --- [techo] [SpringApplicationShutdownHook] com.zaxxer.hikari.HikariDataSource       : techo-pool - Shutdown completed.
2026-10-06T00:02:01.987+08:00  INFO 37008 --- [techo] [main] com.techo.TechoApplication               : Starting TechoApplication using Java 27 with PID 37008 (D:\DSHWorkSpace\Techo\target\classes started by 40201 in D:\DSHworkspace\Techo)
2026-10-06T00:02:01.991+08:00  INFO 37008 --- [techo] [main] com.techo.TechoApplication               : No active profile set, falling back to 1 default profile: "default"
2026-10-06T00:02:02.910+08:00  INFO 37008 --- [techo] [main] o.s.boot.tomcat.TomcatWebServer          : Tomcat initialized with port 8080 (http)
2026-10-06T00:02:02.923+08:00  INFO 37008 --- [techo] [main] o.apache.catalina.core.StandardService   : Starting service [Tomcat]
2026-10-06T00:02:02.924+08:00  INFO 37008 --- [techo] [main] o.apache.catalina.core.StandardEngine    : Starting Servlet engine: [Apache Tomcat/11.0.24]
2026-10-06T00:02:02.975+08:00  INFO 37008 --- [techo] [main] b.w.c.s.WebApplicationContextInitializer : Root WebApplicationContext: initialization completed in 935 ms
2026-10-06T00:02:03.025+08:00  INFO 37008 --- [techo] [main] com.zaxxer.hikari.HikariDataSource       : techo-pool - Starting...
2026-10-06T00:02:03.238+08:00  INFO 37008 --- [techo] [main] com.zaxxer.hikari.pool.HikariPool        : techo-pool - Added connection org.sqlite.jdbc4.JDBC4Connection@338766de
2026-10-06T00:02:03.240+08:00  INFO 37008 --- [techo] [main] com.zaxxer.hikari.HikariDataSource       : techo-pool - Start completed.
2026-10-06T00:02:03.700+08:00  INFO 37008 --- [techo] [main] o.s.boot.tomcat.TomcatWebServer          : Tomcat started on port 8080 (http) with context path '/'
2026-10-06T00:02:03.707+08:00  INFO 37008 --- [techo] [main] com.techo.TechoApplication               : Started TechoApplication in 2.204 seconds (process running for 2.63)
2026-10-06T00:02:21.045+08:00  INFO 37008 --- [techo] [http-nio-0.0.0.0-8080-exec-1] o.a.c.c.C.[Tomcat].[localhost].[/]       : Initializing Spring DispatcherServlet 'dispatcherServlet'
2026-10-06T00:02:21.045+08:00  INFO 37008 --- [techo] [http-nio-0.0.0.0-8080-exec-1] o.s.web.servlet.DispatcherServlet        : Initializing Servlet 'dispatcherServlet'
2026-10-06T00:02:21.047+08:00  INFO 37008 --- [techo] [http-nio-0.0.0.0-8080-exec-1] o.s.web.servlet.DispatcherServlet        : Completed initialization in 2 ms
2026-10-06T00:20:08.060+08:00 ERROR 37008 --- [techo] [http-nio-0.0.0.0-8080-exec-7] org.thymeleaf.TemplateEngine             : [THYMELEAF][http-nio-0.0.0.0-8080-exec-7] Exception processing template "todo": An error happened during template parsing (template: "class path resource [templates/todo.html]")

org.thymeleaf.exceptions.TemplateInputException: An error happened during template parsing (template: "class path resource [templates/todo.html]")
	at org.thymeleaf.templateparser.markup.AbstractMarkupTemplateParser.parse(AbstractMarkupTemplateParser.java:241) ~[thymeleaf-3.1.5.RELEASE.jar:3.1.5.RELEASE]
	at org.thymeleaf.templateparser.markup.AbstractMarkupTemplateParser.parseStandalone(AbstractMarkupTemplateParser.java:100) ~[thymeleaf-3.1.5.RELEASE.jar:3.1.5.RELEASE]
	at org.thymeleaf.engine.TemplateManager.parseAndProcess(TemplateManager.java:666) ~[thymeleaf-3.1.5.RELEASE.jar:3.1.5.RELEASE]
	at org.thymeleaf.TemplateEngine.process(TemplateEngine.java:1103) ~[thymeleaf-3.1.5.RELEASE.jar:3.1.5.RELEASE]
	at org.thymeleaf.TemplateEngine.process(TemplateEngine.java:1077) ~[thymeleaf-3.1.5.RELEASE.jar:3.1.5.RELEASE]
	at org.thymeleaf.spring6.view.ThymeleafView.renderFragment(ThymeleafView.java:374) ~[thymeleaf-spring6-3.1.5.RELEASE.jar:3.1.5.RELEASE]
	at org.thymeleaf.spring6.view.ThymeleafView.render(ThymeleafView.java:193) ~[thymeleaf-spring6-3.1.5.RELEASE.jar:3.1.5.RELEASE]
	at org.springframework.web.servlet.DispatcherServlet.render(DispatcherServlet.java:1305) ~[spring-webmvc-7.0.9.jar:7.0.9]
	at org.springframework.web.servlet.DispatcherServlet.processDispatchResult(DispatcherServlet.java:1042) ~[spring-webmvc-7.0.9.jar:7.0.9]
	at org.springframework.web.servlet.DispatcherServlet.doDispatch(DispatcherServlet.java:980) ~[spring-webmvc-7.0.9.jar:7.0.9]
	at org.springframework.web.servlet.DispatcherServlet.doService(DispatcherServlet.java:866) ~[spring-webmvc-7.0.9.jar:7.0.9]
	at org.springframework.web.servlet.FrameworkServlet.processRequest(FrameworkServlet.java:1000) ~[spring-webmvc-7.0.9.jar:7.0.9]
	at org.springframework.web.servlet.FrameworkServlet.doGet(FrameworkServlet.java:892) ~[spring-webmvc-7.0.9.jar:7.0.9]
	at jakarta.servlet.http.HttpServlet.service(HttpServlet.java:622) ~[tomcat-embed-core-11.0.24.jar:6.1]
	at org.springframework.web.servlet.FrameworkServlet.service(FrameworkServlet.java:874) ~[spring-webmvc-7.0.9.jar:7.0.9]
	at jakarta.servlet.http.HttpServlet.service(HttpServlet.java:710) ~[tomcat-embed-core-11.0.24.jar:6.1]
	at org.apache.catalina.core.ApplicationFilterChain.doFilter(ApplicationFilterChain.java:132) ~[tomcat-embed-core-11.0.24.jar:11.0.24]
	at org.apache.tomcat.websocket.server.WsFilter.doFilter(WsFilter.java:59) ~[tomcat-embed-websocket-11.0.24.jar:11.0.24]
	at org.apache.catalina.core.ApplicationFilterChain.doFilter(ApplicationFilterChain.java:111) ~[tomcat-embed-core-11.0.24.jar:11.0.24]
	at org.springframework.web.filter.RequestContextFilter.doFilterInternal(RequestContextFilter.java:100) ~[spring-web-7.0.9.jar:7.0.9]
	at org.springframework.web.filter.OncePerRequestFilter.doFilter(OncePerRequestFilter.java:116) ~[spring-web-7.0.9.jar:7.0.9]
	at org.apache.catalina.core.ApplicationFilterChain.doFilter(ApplicationFilterChain.java:111) ~[tomcat-embed-core-11.0.24.jar:11.0.24]
	at org.springframework.web.filter.FormContentFilter.doFilterInternal(FormContentFilter.java:93) ~[spring-web-7.0.9.jar:7.0.9]
	at org.springframework.web.filter.OncePerRequestFilter.doFilter(OncePerRequestFilter.java:116) ~[spring-web-7.0.9.jar:7.0.9]
	at org.apache.catalina.core.ApplicationFilterChain.doFilter(ApplicationFilterChain.java:111) ~[tomcat-embed-core-11.0.24.jar:11.0.24]
	at com.techo.auth.AuthFilter.doFilterInternal(AuthFilter.java:47) ~[classes/:na]
	at org.springframework.web.filter.OncePerRequestFilter.doFilter(OncePerRequestFilter.java:116) ~[spring-web-7.0.9.jar:7.0.9]
	at org.apache.catalina.core.ApplicationFilterChain.doFilter(ApplicationFilterChain.java:111) ~[tomcat-embed-core-11.0.24.jar:11.0.24]
	at org.springframework.web.filter.CharacterEncodingFilter.doFilterInternal(CharacterEncodingFilter.java:199) ~[spring-web-7.0.9.jar:7.0.9]
	at org.springframework.web.filter.OncePerRequestFilter.doFilter(OncePerRequestFilter.java:116) ~[spring-web-7.0.9.jar:7.0.9]
	at org.apache.catalina.core.ApplicationFilterChain.doFilter(ApplicationFilterChain.java:111) ~[tomcat-embed-core-11.0.24.jar:11.0.24]
	at org.apache.catalina.core.StandardWrapperValve.invoke(StandardWrapperValve.java:165) ~[tomcat-embed-core-11.0.24.jar:11.0.24]
	at org.apache.catalina.core.StandardContextValve.invoke(StandardContextValve.java:77) ~[tomcat-embed-core-11.0.24.jar:11.0.24]
	at org.apache.catalina.authenticator.AuthenticatorBase.invoke(AuthenticatorBase.java:535) ~[tomcat-embed-core-11.0.24.jar:11.0.24]
	at org.apache.catalina.core.StandardHostValve.invoke(StandardHostValve.java:115) ~[tomcat-embed-core-11.0.24.jar:11.0.24]
	at org.apache.catalina.valves.ErrorReportValve.invoke(ErrorReportValve.java:86) ~[tomcat-embed-core-11.0.24.jar:11.0.24]
	at org.apache.catalina.core.StandardEngineValve.invoke(StandardEngineValve.java:71) ~[tomcat-embed-core-11.0.24.jar:11.0.24]
	at org.apache.catalina.connector.CoyoteAdapter.service(CoyoteAdapter.java:347) ~[tomcat-embed-core-11.0.24.jar:11.0.24]
	at org.apache.coyote.http11.Http11Processor.service(Http11Processor.java:406) ~[tomcat-embed-core-11.0.24.jar:11.0.24]
	at org.apache.coyote.AbstractProcessorLight.process(AbstractProcessorLight.java:71) ~[tomcat-embed-core-11.0.24.jar:11.0.24]
	at org.apache.coyote.AbstractProtocol$ConnectionHandler.process(AbstractProtocol.java:1307) ~[tomcat-embed-core-11.0.24.jar:11.0.24]
	at org.apache.tomcat.util.net.NioEndpoint$SocketProcessor.doRun(NioEndpoint.java:2036) ~[tomcat-embed-core-11.0.24.jar:11.0.24]
	at org.apache.tomcat.util.net.SocketProcessorBase.run(SocketProcessorBase.java:74) ~[tomcat-embed-core-11.0.24.jar:11.0.24]
	at org.apache.tomcat.util.threads.ThreadPoolExecutor.runWorker(ThreadPoolExecutor.java:949) ~[tomcat-embed-core-11.0.24.jar:11.0.24]
	at org.apache.tomcat.util.threads.ThreadPoolExecutor$Worker.run(ThreadPoolExecutor.java:483) ~[tomcat-embed-core-11.0.24.jar:11.0.24]
	at org.apache.tomcat.util.threads.TaskThread$WrappingRunnable.run(TaskThread.java:74) ~[tomcat-embed-core-11.0.24.jar:11.0.24]
	at java.base/java.lang.Thread.run(Thread.java:1527) ~[na:na]
Caused by: org.attoparser.ParseException: Exception evaluating SpringEL expression: "subtaskMap[item.id]" (template: "fragments/todo-list" - line 19, col 66)
	at org.attoparser.MarkupParser.parseDocument(MarkupParser.java:393) ~[attoparser-2.0.7.RELEASE.jar:2.0.7.RELEASE]
	at org.attoparser.MarkupParser.parse(MarkupParser.java:257) ~[attoparser-2.0.7.RELEASE.jar:2.0.7.RELEASE]
	at org.thymeleaf.templateparser.markup.AbstractMarkupTemplateParser.parse(AbstractMarkupTemplateParser.java:230) ~[thymeleaf-3.1.5.RELEASE.jar:3.1.5.RELEASE]
	... 46 common frames omitted
Caused by: org.thymeleaf.exceptions.TemplateProcessingException: Exception evaluating SpringEL expression: "subtaskMap[item.id]" (template: "fragments/todo-list" - line 19, col 66)
	at org.thymeleaf.spring6.expression.SPELVariableExpressionEvaluator.evaluate(SPELVariableExpressionEvaluator.java:302) ~[thymeleaf-spring6-3.1.5.RELEASE.jar:3.1.5.RELEASE]
	at org.thymeleaf.standard.expression.VariableExpression.executeVariableExpression(VariableExpression.java:166) ~[thymeleaf-3.1.5.RELEASE.jar:3.1.5.RELEASE]
	at org.thymeleaf.standard.expression.SimpleExpression.executeSimple(SimpleExpression.java:66) ~[thymeleaf-3.1.5.RELEASE.jar:3.1.5.RELEASE]
	at org.thymeleaf.standard.expression.Expression.execute(Expression.java:109) ~[thymeleaf-3.1.5.RELEASE.jar:3.1.5.RELEASE]
	at org.thymeleaf.standard.expression.Expression.execute(Expression.java:138) ~[thymeleaf-3.1.5.RELEASE.jar:3.1.5.RELEASE]
	at org.thymeleaf.standard.expression.FragmentExpression.createExecutedFragmentExpressionParameters(FragmentExpression.java:511) ~[thymeleaf-3.1.5.RELEASE.jar:3.1.5.RELEASE]
	at org.thymeleaf.standard.expression.FragmentExpression.doCreateExecutedFragmentExpression(FragmentExpression.java:453) ~[thymeleaf-3.1.5.RELEASE.jar:3.1.5.RELEASE]
	at org.thymeleaf.standard.expression.FragmentExpression.createExecutedFragmentExpression(FragmentExpression.java:408) ~[thymeleaf-3.1.5.RELEASE.jar:3.1.5.RELEASE]
	at org.thymeleaf.standard.processor.AbstractStandardFragmentInsertionTagProcessor.computeFragment(AbstractStandardFragmentInsertionTagProcessor.java:427) ~[thymeleaf-3.1.5.RELEASE.jar:3.1.5.RELEASE]
	at org.thymeleaf.standard.processor.AbstractStandardFragmentInsertionTagProcessor.doProcess(AbstractStandardFragmentInsertionTagProcessor.java:126) ~[thymeleaf-3.1.5.RELEASE.jar:3.1.5.RELEASE]
	at org.thymeleaf.processor.element.AbstractAttributeTagProcessor.doProcess(AbstractAttributeTagProcessor.java:74) ~[thymeleaf-3.1.5.RELEASE.jar:3.1.5.RELEASE]
	at org.thymeleaf.processor.element.AbstractElementTagProcessor.process(AbstractElementTagProcessor.java:95) ~[thymeleaf-3.1.5.RELEASE.jar:3.1.5.RELEASE]
	at org.thymeleaf.util.ProcessorConfigurationUtils$ElementTagProcessorWrapper.process(ProcessorConfigurationUtils.java:633) ~[thymeleaf-3.1.5.RELEASE.jar:3.1.5.RELEASE]
	at org.thymeleaf.engine.ProcessorTemplateHandler.handleOpenElement(ProcessorTemplateHandler.java:1314) ~[thymeleaf-3.1.5.RELEASE.jar:3.1.5.RELEASE]
	at org.thymeleaf.engine.OpenElementTag.beHandled(OpenElementTag.java:205) ~[thymeleaf-3.1.5.RELEASE.jar:3.1.5.RELEASE]
	at org.thymeleaf.engine.Model.process(Model.java:282) ~[thymeleaf-3.1.5.RELEASE.jar:3.1.5.RELEASE]
	at org.thymeleaf.engine.Model.process(Model.java:290) ~[thymeleaf-3.1.5.RELEASE.jar:3.1.5.RELEASE]
	at org.thymeleaf.engine.IteratedGatheringModelProcessable.processIterationModel(IteratedGatheringModelProcessable.java:368) ~[thymeleaf-3.1.5.RELEASE.jar:3.1.5.RELEASE]
	at org.thymeleaf.engine.IteratedGatheringModelProcessable.process(IteratedGatheringModelProcessable.java:222) ~[thymeleaf-3.1.5.RELEASE.jar:3.1.5.RELEASE]
	at org.thymeleaf.engine.ProcessorTemplateHandler.handleCloseElement(ProcessorTemplateHandler.java:1640) ~[thymeleaf-3.1.5.RELEASE.jar:3.1.5.RELEASE]
	at org.thymeleaf.engine.CloseElementTag.beHandled(CloseElementTag.java:139) ~[thymeleaf-3.1.5.RELEASE.jar:3.1.5.RELEASE]
	at org.thymeleaf.engine.Model.process(Model.java:282) ~[thymeleaf-3.1.5.RELEASE.jar:3.1.5.RELEASE]
	at org.thymeleaf.engine.ProcessorTemplateHandler.handleOpenElement(ProcessorTemplateHandler.java:1587) ~[thymeleaf-3.1.5.RELEASE.jar:3.1.5.RELEASE]
	at org.thymeleaf.engine.TemplateHandlerAdapterMarkupHandler.handleOpenElementEnd(TemplateHandlerAdapterMarkupHandler.java:304) ~[thymeleaf-3.1.5.RELEASE.jar:3.1.5.RELEASE]
	at org.thymeleaf.templateparser.markup.InlinedOutputExpressionMarkupHandler$InlineMarkupAdapterPreProcessorHandler.handleOpenElementEnd(InlinedOutputExpressionMarkupHandler.java:278) ~[thymeleaf-3.1.5.RELEASE.jar:3.1.5.RELEASE]
	at org.thymeleaf.standard.inline.OutputExpressionInlinePreProcessorHandler.handleOpenElementEnd(OutputExpressionInlinePreProcessorHandler.java:186) ~[thymeleaf-3.1.5.RELEASE.jar:3.1.5.RELEASE]
	at org.thymeleaf.templateparser.markup.InlinedOutputExpressionMarkupHandler.handleOpenElementEnd(InlinedOutputExpressionMarkupHandler.java:124) ~[thymeleaf-3.1.5.RELEASE.jar:3.1.5.RELEASE]
	at org.attoparser.HtmlElement.handleOpenElementEnd(HtmlElement.java:109) ~[attoparser-2.0.7.RELEASE.jar:2.0.7.RELEASE]
	at org.attoparser.HtmlMarkupHandler.handleOpenElementEnd(HtmlMarkupHandler.java:297) ~[attoparser-2.0.7.RELEASE.jar:2.0.7.RELEASE]
	at org.attoparser.MarkupEventProcessorHandler.handleOpenElementEnd(MarkupEventProcessorHandler.java:402) ~[attoparser-2.0.7.RELEASE.jar:2.0.7.RELEASE]
	at org.attoparser.ParsingElementMarkupUtil.parseOpenElement(ParsingElementMarkupUtil.java:159) ~[attoparser-2.0.7.RELEASE.jar:2.0.7.RELEASE]
	at org.attoparser.MarkupParser.parseBuffer(MarkupParser.java:710) ~[attoparser-2.0.7.RELEASE.jar:2.0.7.RELEASE]
	at org.attoparser.MarkupParser.parseDocument(MarkupParser.java:301) ~[attoparser-2.0.7.RELEASE.jar:2.0.7.RELEASE]
	... 48 common frames omitted
Caused by: org.springframework.expression.spel.SpelEvaluationException: EL1012E: Cannot index into a null value
	at org.springframework.expression.spel.ast.Indexer.getValueRef(Indexer.java:188) ~[spring-expression-7.0.9.jar:7.0.9]
	at org.springframework.expression.spel.ast.Indexer.getValueRef(Indexer.java:167) ~[spring-expression-7.0.9.jar:7.0.9]
	at org.springframework.expression.spel.ast.CompoundExpression.getValueRef(CompoundExpression.java:75) ~[spring-expression-7.0.9.jar:7.0.9]
	at org.springframework.expression.spel.ast.CompoundExpression.getValueInternal(CompoundExpression.java:96) ~[spring-expression-7.0.9.jar:7.0.9]
	at org.springframework.expression.spel.ast.SpelNodeImpl.getValue(SpelNodeImpl.java:114) ~[spring-expression-7.0.9.jar:7.0.9]
	at org.springframework.expression.spel.standard.SpelExpression.getValue(SpelExpression.java:340) ~[spring-expression-7.0.9.jar:7.0.9]
	at org.thymeleaf.spring6.expression.SPELVariableExpressionEvaluator.evaluate(SPELVariableExpressionEvaluator.java:275) ~[thymeleaf-spring6-3.1.5.RELEASE.jar:3.1.5.RELEASE]
	... 80 common frames omitted

2026-10-06T00:20:08.073+08:00 ERROR 37008 --- [techo] [http-nio-0.0.0.0-8080-exec-7] o.a.c.c.C.[.[.[/].[dispatcherServlet]    : Servlet.service() for servlet [dispatcherServlet] in context with path [] threw exception [Request processing failed: org.thymeleaf.exceptions.TemplateInputException: An error happened during template parsing (template: "class path resource [templates/todo.html]")] with root cause

org.springframework.expression.spel.SpelEvaluationException: EL1012E: Cannot index into a null value
	at org.springframework.expression.spel.ast.Indexer.getValueRef(Indexer.java:188) ~[spring-expression-7.0.9.jar:7.0.9]
	at org.springframework.expression.spel.ast.Indexer.getValueRef(Indexer.java:167) ~[spring-expression-7.0.9.jar:7.0.9]
	at org.springframework.expression.spel.ast.CompoundExpression.getValueRef(CompoundExpression.java:75) ~[spring-expression-7.0.9.jar:7.0.9]
	at org.springframework.expression.spel.ast.CompoundExpression.getValueInternal(CompoundExpression.java:96) ~[spring-expression-7.0.9.jar:7.0.9]
	at org.springframework.expression.spel.ast.SpelNodeImpl.getValue(SpelNodeImpl.java:114) ~[spring-expression-7.0.9.jar:7.0.9]
	at org.springframework.expression.spel.standard.SpelExpression.getValue(SpelExpression.java:340) ~[spring-expression-7.0.9.jar:7.0.9]
	at org.thymeleaf.spring6.expression.SPELVariableExpressionEvaluator.evaluate(SPELVariableExpressionEvaluator.java:275) ~[thymeleaf-spring6-3.1.5.RELEASE.jar:3.1.5.RELEASE]
	at org.thymeleaf.standard.expression.VariableExpression.executeVariableExpression(VariableExpression.java:166) ~[thymeleaf-3.1.5.RELEASE.jar:3.1.5.RELEASE]
	at org.thymeleaf.standard.expression.SimpleExpression.executeSimple(SimpleExpression.java:66) ~[thymeleaf-3.1.5.RELEASE.jar:3.1.5.RELEASE]
	at org.thymeleaf.standard.expression.Expression.execute(Expression.java:109) ~[thymeleaf-3.1.5.RELEASE.jar:3.1.5.RELEASE]
	at org.thymeleaf.standard.expression.Expression.execute(Expression.java:138) ~[thymeleaf-3.1.5.RELEASE.jar:3.1.5.RELEASE]
	at org.thymeleaf.standard.expression.FragmentExpression.createExecutedFragmentExpressionParameters(FragmentExpression.java:511) ~[thymeleaf-3.1.5.RELEASE.jar:3.1.5.RELEASE]
	at org.thymeleaf.standard.expression.FragmentExpression.doCreateExecutedFragmentExpression(FragmentExpression.java:453) ~[thymeleaf-3.1.5.RELEASE.jar:3.1.5.RELEASE]
	at org.thymeleaf.standard.expression.FragmentExpression.createExecutedFragmentExpression(FragmentExpression.java:408) ~[thymeleaf-3.1.5.RELEASE.jar:3.1.5.RELEASE]
	at org.thymeleaf.standard.processor.AbstractStandardFragmentInsertionTagProcessor.computeFragment(AbstractStandardFragmentInsertionTagProcessor.java:427) ~[thymeleaf-3.1.5.RELEASE.jar:3.1.5.RELEASE]
	at org.thymeleaf.standard.processor.AbstractStandardFragmentInsertionTagProcessor.doProcess(AbstractStandardFragmentInsertionTagProcessor.java:126) ~[thymeleaf-3.1.5.RELEASE.jar:3.1.5.RELEASE]
	at org.thymeleaf.processor.element.AbstractAttributeTagProcessor.doProcess(AbstractAttributeTagProcessor.java:74) ~[thymeleaf-3.1.5.RELEASE.jar:3.1.5.RELEASE]
	at org.thymeleaf.processor.element.AbstractElementTagProcessor.process(AbstractElementTagProcessor.java:95) ~[thymeleaf-3.1.5.RELEASE.jar:3.1.5.RELEASE]
	at org.thymeleaf.util.ProcessorConfigurationUtils$ElementTagProcessorWrapper.process(ProcessorConfigurationUtils.java:633) ~[thymeleaf-3.1.5.RELEASE.jar:3.1.5.RELEASE]
	at org.thymeleaf.engine.ProcessorTemplateHandler.handleOpenElement(ProcessorTemplateHandler.java:1314) ~[thymeleaf-3.1.5.RELEASE.jar:3.1.5.RELEASE]
	at org.thymeleaf.engine.OpenElementTag.beHandled(OpenElementTag.java:205) ~[thymeleaf-3.1.5.RELEASE.jar:3.1.5.RELEASE]
	at org.thymeleaf.engine.Model.process(Model.java:282) ~[thymeleaf-3.1.5.RELEASE.jar:3.1.5.RELEASE]
	at org.thymeleaf.engine.Model.process(Model.java:290) ~[thymeleaf-3.1.5.RELEASE.jar:3.1.5.RELEASE]
	at org.thymeleaf.engine.IteratedGatheringModelProcessable.processIterationModel(IteratedGatheringModelProcessable.java:368) ~[thymeleaf-3.1.5.RELEASE.jar:3.1.5.RELEASE]
	at org.thymeleaf.engine.IteratedGatheringModelProcessable.process(IteratedGatheringModelProcessable.java:222) ~[thymeleaf-3.1.5.RELEASE.jar:3.1.5.RELEASE]
	at org.thymeleaf.engine.ProcessorTemplateHandler.handleCloseElement(ProcessorTemplateHandler.java:1640) ~[thymeleaf-3.1.5.RELEASE.jar:3.1.5.RELEASE]
	at org.thymeleaf.engine.CloseElementTag.beHandled(CloseElementTag.java:139) ~[thymeleaf-3.1.5.RELEASE.jar:3.1.5.RELEASE]
	at org.thymeleaf.engine.Model.process(Model.java:282) ~[thymeleaf-3.1.5.RELEASE.jar:3.1.5.RELEASE]
	at org.thymeleaf.engine.ProcessorTemplateHandler.handleOpenElement(ProcessorTemplateHandler.java:1587) ~[thymeleaf-3.1.5.RELEASE.jar:3.1.5.RELEASE]
	at org.thymeleaf.engine.TemplateHandlerAdapterMarkupHandler.handleOpenElementEnd(TemplateHandlerAdapterMarkupHandler.java:304) ~[thymeleaf-3.1.5.RELEASE.jar:3.1.5.RELEASE]
	at org.thymeleaf.templateparser.markup.InlinedOutputExpressionMarkupHandler$InlineMarkupAdapterPreProcessorHandler.handleOpenElementEnd(InlinedOutputExpressionMarkupHandler.java:278) ~[thymeleaf-3.1.5.RELEASE.jar:3.1.5.RELEASE]
	at org.thymeleaf.standard.inline.OutputExpressionInlinePreProcessorHandler.handleOpenElementEnd(OutputExpressionInlinePreProcessorHandler.java:186) ~[thymeleaf-3.1.5.RELEASE.jar:3.1.5.RELEASE]
	at org.thymeleaf.templateparser.markup.InlinedOutputExpressionMarkupHandler.handleOpenElementEnd(InlinedOutputExpressionMarkupHandler.java:124) ~[thymeleaf-3.1.5.RELEASE.jar:3.1.5.RELEASE]
	at org.attoparser.HtmlElement.handleOpenElementEnd(HtmlElement.java:109) ~[attoparser-2.0.7.RELEASE.jar:2.0.7.RELEASE]
	at org.attoparser.HtmlMarkupHandler.handleOpenElementEnd(HtmlMarkupHandler.java:297) ~[attoparser-2.0.7.RELEASE.jar:2.0.7.RELEASE]
	at org.attoparser.MarkupEventProcessorHandler.handleOpenElementEnd(MarkupEventProcessorHandler.java:402) ~[attoparser-2.0.7.RELEASE.jar:2.0.7.RELEASE]
	at org.attoparser.ParsingElementMarkupUtil.parseOpenElement(ParsingElementMarkupUtil.java:159) ~[attoparser-2.0.7.RELEASE.jar:2.0.7.RELEASE]
	at org.attoparser.MarkupParser.parseBuffer(MarkupParser.java:710) ~[attoparser-2.0.7.RELEASE.jar:2.0.7.RELEASE]
	at org.attoparser.MarkupParser.parseDocument(MarkupParser.java:301) ~[attoparser-2.0.7.RELEASE.jar:2.0.7.RELEASE]
	at org.attoparser.MarkupParser.parse(MarkupParser.java:257) ~[attoparser-2.0.7.RELEASE.jar:2.0.7.RELEASE]
	at org.thymeleaf.templateparser.markup.AbstractMarkupTemplateParser.parse(AbstractMarkupTemplateParser.java:230) ~[thymeleaf-3.1.5.RELEASE.jar:3.1.5.RELEASE]
	at org.thymeleaf.templateparser.markup.AbstractMarkupTemplateParser.parseStandalone(AbstractMarkupTemplateParser.java:100) ~[thymeleaf-3.1.5.RELEASE.jar:3.1.5.RELEASE]
	at org.thymeleaf.engine.TemplateManager.parseAndProcess(TemplateManager.java:666) ~[thymeleaf-3.1.5.RELEASE.jar:3.1.5.RELEASE]
	at org.thymeleaf.TemplateEngine.process(TemplateEngine.java:1103) ~[thymeleaf-3.1.5.RELEASE.jar:3.1.5.RELEASE]
	at org.thymeleaf.TemplateEngine.process(TemplateEngine.java:1077) ~[thymeleaf-3.1.5.RELEASE.jar:3.1.5.RELEASE]
	at org.thymeleaf.spring6.view.ThymeleafView.renderFragment(ThymeleafView.java:374) ~[thymeleaf-spring6-3.1.5.RELEASE.jar:3.1.5.RELEASE]
	at org.thymeleaf.spring6.view.ThymeleafView.render(ThymeleafView.java:193) ~[thymeleaf-spring6-3.1.5.RELEASE.jar:3.1.5.RELEASE]
	at org.springframework.web.servlet.DispatcherServlet.render(DispatcherServlet.java:1305) ~[spring-webmvc-7.0.9.jar:7.0.9]
	at org.springframework.web.servlet.DispatcherServlet.processDispatchResult(DispatcherServlet.java:1042) ~[spring-webmvc-7.0.9.jar:7.0.9]
	at org.springframework.web.servlet.DispatcherServlet.doDispatch(DispatcherServlet.java:980) ~[spring-webmvc-7.0.9.jar:7.0.9]
	at org.springframework.web.servlet.DispatcherServlet.doService(DispatcherServlet.java:866) ~[spring-webmvc-7.0.9.jar:7.0.9]
	at org.springframework.web.servlet.FrameworkServlet.processRequest(FrameworkServlet.java:1000) ~[spring-webmvc-7.0.9.jar:7.0.9]
	at org.springframework.web.servlet.FrameworkServlet.doGet(FrameworkServlet.java:892) ~[spring-webmvc-7.0.9.jar:7.0.9]
	at jakarta.servlet.http.HttpServlet.service(HttpServlet.java:622) ~[tomcat-embed-core-11.0.24.jar:6.1]
	at org.springframework.web.servlet.FrameworkServlet.service(FrameworkServlet.java:874) ~[spring-webmvc-7.0.9.jar:7.0.9]
	at jakarta.servlet.http.HttpServlet.service(HttpServlet.java:710) ~[tomcat-embed-core-11.0.24.jar:6.1]
	at org.apache.catalina.core.ApplicationFilterChain.doFilter(ApplicationFilterChain.java:132) ~[tomcat-embed-core-11.0.24.jar:11.0.24]
	at org.apache.tomcat.websocket.server.WsFilter.doFilter(WsFilter.java:59) ~[tomcat-embed-websocket-11.0.24.jar:11.0.24]
	at org.apache.catalina.core.ApplicationFilterChain.doFilter(ApplicationFilterChain.java:111) ~[tomcat-embed-core-11.0.24.jar:11.0.24]
	at org.springframework.web.filter.RequestContextFilter.doFilterInternal(RequestContextFilter.java:100) ~[spring-web-7.0.9.jar:7.0.9]
	at org.springframework.web.filter.OncePerRequestFilter.doFilter(OncePerRequestFilter.java:116) ~[spring-web-7.0.9.jar:7.0.9]
	at org.apache.catalina.core.ApplicationFilterChain.doFilter(ApplicationFilterChain.java:111) ~[tomcat-embed-core-11.0.24.jar:11.0.24]
	at org.springframework.web.filter.FormContentFilter.doFilterInternal(FormContentFilter.java:93) ~[spring-web-7.0.9.jar:7.0.9]
	at org.springframework.web.filter.OncePerRequestFilter.doFilter(OncePerRequestFilter.java:116) ~[spring-web-7.0.9.jar:7.0.9]
	at org.apache.catalina.core.ApplicationFilterChain.doFilter(ApplicationFilterChain.java:111) ~[tomcat-embed-core-11.0.24.jar:11.0.24]
	at com.techo.auth.AuthFilter.doFilterInternal(AuthFilter.java:47) ~[classes/:na]
	at org.springframework.web.filter.OncePerRequestFilter.doFilter(OncePerRequestFilter.java:116) ~[spring-web-7.0.9.jar:7.0.9]
	at org.apache.catalina.core.ApplicationFilterChain.doFilter(ApplicationFilterChain.java:111) ~[tomcat-embed-core-11.0.24.jar:11.0.24]
	at org.springframework.web.filter.CharacterEncodingFilter.doFilterInternal(CharacterEncodingFilter.java:199) ~[spring-web-7.0.9.jar:7.0.9]
	at org.springframework.web.filter.OncePerRequestFilter.doFilter(OncePerRequestFilter.java:116) ~[spring-web-7.0.9.jar:7.0.9]
	at org.apache.catalina.core.ApplicationFilterChain.doFilter(ApplicationFilterChain.java:111) ~[tomcat-embed-core-11.0.24.jar:11.0.24]
	at org.apache.catalina.core.StandardWrapperValve.invoke(StandardWrapperValve.java:165) ~[tomcat-embed-core-11.0.24.jar:11.0.24]
	at org.apache.catalina.core.StandardContextValve.invoke(StandardContextValve.java:77) ~[tomcat-embed-core-11.0.24.jar:11.0.24]
	at org.apache.catalina.authenticator.AuthenticatorBase.invoke(AuthenticatorBase.java:535) ~[tomcat-embed-core-11.0.24.jar:11.0.24]
	at org.apache.catalina.core.StandardHostValve.invoke(StandardHostValve.java:115) ~[tomcat-embed-core-11.0.24.jar:11.0.24]
	at org.apache.catalina.valves.ErrorReportValve.invoke(ErrorReportValve.java:86) ~[tomcat-embed-core-11.0.24.jar:11.0.24]
	at org.apache.catalina.core.StandardEngineValve.invoke(StandardEngineValve.java:71) ~[tomcat-embed-core-11.0.24.jar:11.0.24]
	at org.apache.catalina.connector.CoyoteAdapter.service(CoyoteAdapter.java:347) ~[tomcat-embed-core-11.0.24.jar:11.0.24]
	at org.apache.coyote.http11.Http11Processor.service(Http11Processor.java:406) ~[tomcat-embed-core-11.0.24.jar:11.0.24]
	at org.apache.coyote.AbstractProcessorLight.process(AbstractProcessorLight.java:71) ~[tomcat-embed-core-11.0.24.jar:11.0.24]
	at org.apache.coyote.AbstractProtocol$ConnectionHandler.process(AbstractProtocol.java:1307) ~[tomcat-embed-core-11.0.24.jar:11.0.24]
	at org.apache.tomcat.util.net.NioEndpoint$SocketProcessor.doRun(NioEndpoint.java:2036) ~[tomcat-embed-core-11.0.24.jar:11.0.24]
	at org.apache.tomcat.util.net.SocketProcessorBase.run(SocketProcessorBase.java:74) ~[tomcat-embed-core-11.0.24.jar:11.0.24]
	at org.apache.tomcat.util.threads.ThreadPoolExecutor.runWorker(ThreadPoolExecutor.java:949) ~[tomcat-embed-core-11.0.24.jar:11.0.24]
	at org.apache.tomcat.util.threads.ThreadPoolExecutor$Worker.run(ThreadPoolExecutor.java:483) ~[tomcat-embed-core-11.0.24.jar:11.0.24]
	at org.apache.tomcat.util.threads.TaskThread$WrappingRunnable.run(TaskThread.java:74) ~[tomcat-embed-core-11.0.24.jar:11.0.24]
	at java.base/java.lang.Thread.run(Thread.java:1527) ~[na:na]

2026-10-06T00:20:13.946+08:00  INFO 37008 --- [techo] [SpringApplicationShutdownHook] o.s.boot.tomcat.GracefulShutdown         : Commencing graceful shutdown. Waiting for active requests to complete
2026-10-06T00:20:13.954+08:00  INFO 37008 --- [techo] [tomcat-shutdown] o.s.boot.tomcat.GracefulShutdown         : Graceful shutdown complete
2026-10-06T00:20:13.958+08:00  INFO 37008 --- [techo] [SpringApplicationShutdownHook] com.zaxxer.hikari.HikariDataSource       : techo-pool - Shutdown initiated...
2026-10-06T00:20:13.960+08:00  INFO 37008 --- [techo] [SpringApplicationShutdownHook] com.zaxxer.hikari.HikariDataSource       : techo-pool - Shutdown completed.
2026-10-06T00:20:17.352+08:00  INFO 52208 --- [techo] [main] com.techo.TechoApplication               : Starting TechoApplication using Java 27 with PID 52208 (D:\DSHWorkSpace\Techo\target\classes started by 40201 in D:\DSHworkspace\Techo)
2026-10-06T00:20:17.355+08:00  INFO 52208 --- [techo] [main] com.techo.TechoApplication               : No active profile set, falling back to 1 default profile: "default"
2026-10-06T00:20:18.296+08:00  INFO 52208 --- [techo] [main] o.s.boot.tomcat.TomcatWebServer          : Tomcat initialized with port 8080 (http)
2026-10-06T00:20:18.310+08:00  INFO 52208 --- [techo] [main] o.apache.catalina.core.StandardService   : Starting service [Tomcat]
2026-10-06T00:20:18.310+08:00  INFO 52208 --- [techo] [main] o.apache.catalina.core.StandardEngine    : Starting Servlet engine: [Apache Tomcat/11.0.24]
2026-10-06T00:20:18.362+08:00  INFO 52208 --- [techo] [main] b.w.c.s.WebApplicationContextInitializer : Root WebApplicationContext: initialization completed in 960 ms
2026-10-06T00:20:18.400+08:00  INFO 52208 --- [techo] [main] com.zaxxer.hikari.HikariDataSource       : techo-pool - Starting...
2026-10-06T00:20:18.588+08:00  INFO 52208 --- [techo] [main] com.zaxxer.hikari.pool.HikariPool        : techo-pool - Added connection org.sqlite.jdbc4.JDBC4Connection@3b1dc579
2026-10-06T00:20:18.590+08:00  INFO 52208 --- [techo] [main] com.zaxxer.hikari.HikariDataSource       : techo-pool - Start completed.
2026-10-06T00:20:19.068+08:00  INFO 52208 --- [techo] [main] o.s.boot.tomcat.TomcatWebServer          : Tomcat started on port 8080 (http) with context path '/'
2026-10-06T00:20:19.076+08:00  INFO 52208 --- [techo] [main] com.techo.TechoApplication               : Started TechoApplication in 2.198 seconds (process running for 2.611)
2026-10-06T00:20:19.092+08:00  INFO 52208 --- [techo] [main] com.techo.common.SchemaMigration         : 结构迁移：为表 entry 添加列 parent_id INTEGER
2026-10-06T00:20:19.095+08:00  INFO 52208 --- [techo] [main] com.techo.common.SchemaMigration         : 结构迁移：为表 entry 添加列 sort_order INTEGER NOT NULL DEFAULT 0
2026-10-06T00:20:19.104+08:00  INFO 52208 --- [techo] [main] com.techo.common.SchemaMigration         : 结构迁移：创建索引 idx_entry_parent
2026-10-06T00:20:24.204+08:00  INFO 52208 --- [techo] [http-nio-0.0.0.0-8080-exec-1] o.a.c.c.C.[Tomcat].[localhost].[/]       : Initializing Spring DispatcherServlet 'dispatcherServlet'
2026-10-06T00:20:24.204+08:00  INFO 52208 --- [techo] [http-nio-0.0.0.0-8080-exec-1] o.s.web.servlet.DispatcherServlet        : Initializing Servlet 'dispatcherServlet'
2026-10-06T00:20:24.205+08:00  INFO 52208 --- [techo] [http-nio-0.0.0.0-8080-exec-1] o.s.web.servlet.DispatcherServlet        : Completed initialization in 1 ms
2026-10-06T00:23:30.255+08:00  INFO 52208 --- [techo] [SpringApplicationShutdownHook] o.s.boot.tomcat.GracefulShutdown         : Commencing graceful shutdown. Waiting for active requests to complete
2026-10-06T00:23:30.262+08:00  INFO 52208 --- [techo] [tomcat-shutdown] o.s.boot.tomcat.GracefulShutdown         : Graceful shutdown complete
2026-10-06T00:23:30.265+08:00  INFO 52208 --- [techo] [SpringApplicationShutdownHook] com.zaxxer.hikari.HikariDataSource       : techo-pool - Shutdown initiated...
2026-10-06T00:23:30.269+08:00  INFO 52208 --- [techo] [SpringApplicationShutdownHook] com.zaxxer.hikari.HikariDataSource       : techo-pool - Shutdown completed.
2026-10-06T11:39:19.638+08:00  INFO 31948 --- [techo] [main] com.techo.TechoApplication               : Starting TechoApplication using Java 27 with PID 31948 (D:\DSHWorkSpace\Techo\target\classes started by 40201 in D:\DSHworkspace\Techo)
2026-10-06T11:39:19.641+08:00  INFO 31948 --- [techo] [main] com.techo.TechoApplication               : No active profile set, falling back to 1 default profile: "default"
2026-10-06T11:39:20.708+08:00  INFO 31948 --- [techo] [main] o.s.boot.tomcat.TomcatWebServer          : Tomcat initialized with port 8080 (http)
2026-10-06T11:39:20.726+08:00  INFO 31948 --- [techo] [main] o.apache.catalina.core.StandardService   : Starting service [Tomcat]
2026-10-06T11:39:20.727+08:00  INFO 31948 --- [techo] [main] o.apache.catalina.core.StandardEngine    : Starting Servlet engine: [Apache Tomcat/11.0.24]
2026-10-06T11:39:20.789+08:00  INFO 31948 --- [techo] [main] b.w.c.s.WebApplicationContextInitializer : Root WebApplicationContext: initialization completed in 1097 ms
2026-10-06T11:39:20.832+08:00  INFO 31948 --- [techo] [main] com.zaxxer.hikari.HikariDataSource       : techo-pool - Starting...
2026-10-06T11:39:21.063+08:00  INFO 31948 --- [techo] [main] com.zaxxer.hikari.pool.HikariPool        : techo-pool - Added connection org.sqlite.jdbc4.JDBC4Connection@3976ebfa
2026-10-06T11:39:21.065+08:00  INFO 31948 --- [techo] [main] com.zaxxer.hikari.HikariDataSource       : techo-pool - Start completed.
2026-10-06T11:39:21.631+08:00  INFO 31948 --- [techo] [main] o.s.boot.tomcat.TomcatWebServer          : Tomcat started on port 8080 (http) with context path '/'
2026-10-06T11:39:21.640+08:00  INFO 31948 --- [techo] [main] com.techo.TechoApplication               : Started TechoApplication in 2.559 seconds (process running for 3.199)
2026-10-06T13:25:39.216+08:00  INFO 31948 --- [techo] [http-nio-0.0.0.0-8080-exec-1] o.a.c.c.C.[Tomcat].[localhost].[/]       : Initializing Spring DispatcherServlet 'dispatcherServlet'
2026-10-06T13:25:39.216+08:00  INFO 31948 --- [techo] [http-nio-0.0.0.0-8080-exec-1] o.s.web.servlet.DispatcherServlet        : Initializing Servlet 'dispatcherServlet'
2026-10-06T13:25:39.219+08:00  INFO 31948 --- [techo] [http-nio-0.0.0.0-8080-exec-1] o.s.web.servlet.DispatcherServlet        : Completed initialization in 3 ms
2026-10-06T13:45:05.424+08:00  INFO 31948 --- [techo] [SpringApplicationShutdownHook] o.s.boot.tomcat.GracefulShutdown         : Commencing graceful shutdown. Waiting for active requests to complete
2026-10-06T13:45:05.431+08:00  INFO 31948 --- [techo] [tomcat-shutdown] o.s.boot.tomcat.GracefulShutdown         : Graceful shutdown complete
2026-10-06T13:45:05.435+08:00  INFO 31948 --- [techo] [SpringApplicationShutdownHook] com.zaxxer.hikari.HikariDataSource       : techo-pool - Shutdown initiated...
2026-10-06T13:45:05.437+08:00  INFO 31948 --- [techo] [SpringApplicationShutdownHook] com.zaxxer.hikari.HikariDataSource       : techo-pool - Shutdown completed.
2026-10-06T16:05:40.614+08:00  INFO 39208 --- [techo] [main] com.techo.TechoApplication               : Starting TechoApplication using Java 27 with PID 39208 (D:\DSHWorkSpace\Techo\target\classes started by 40201 in D:\DSHworkspace\Techo)
2026-10-06T16:05:40.617+08:00  INFO 39208 --- [techo] [main] com.techo.TechoApplication               : No active profile set, falling back to 1 default profile: "default"
2026-10-06T16:05:41.560+08:00  INFO 39208 --- [techo] [main] o.s.boot.tomcat.TomcatWebServer          : Tomcat initialized with port 8080 (http)
2026-10-06T16:05:41.574+08:00  INFO 39208 --- [techo] [main] o.apache.catalina.core.StandardService   : Starting service [Tomcat]
2026-10-06T16:05:41.574+08:00  INFO 39208 --- [techo] [main] o.apache.catalina.core.StandardEngine    : Starting Servlet engine: [Apache Tomcat/11.0.24]
2026-10-06T16:05:41.641+08:00  INFO 39208 --- [techo] [main] b.w.c.s.WebApplicationContextInitializer : Root WebApplicationContext: initialization completed in 973 ms
2026-10-06T16:05:41.687+08:00  INFO 39208 --- [techo] [main] com.zaxxer.hikari.HikariDataSource       : techo-pool - Starting...
2026-10-06T16:05:41.965+08:00  INFO 39208 --- [techo] [main] com.zaxxer.hikari.pool.HikariPool        : techo-pool - Added connection org.sqlite.jdbc4.JDBC4Connection@b0a1231
2026-10-06T16:05:41.968+08:00  INFO 39208 --- [techo] [main] com.zaxxer.hikari.HikariDataSource       : techo-pool - Start completed.
2026-10-06T16:05:42.709+08:00  INFO 39208 --- [techo] [main] o.s.boot.tomcat.TomcatWebServer          : Tomcat started on port 8080 (http) with context path '/'
2026-10-06T16:05:42.725+08:00  INFO 39208 --- [techo] [main] com.techo.TechoApplication               : Started TechoApplication in 2.614 seconds (process running for 5.102)
2026-10-06T16:05:52.040+08:00  INFO 39208 --- [techo] [http-nio-0.0.0.0-8080-exec-1] o.a.c.c.C.[Tomcat].[localhost].[/]       : Initializing Spring DispatcherServlet 'dispatcherServlet'
2026-10-06T16:05:52.042+08:00  INFO 39208 --- [techo] [http-nio-0.0.0.0-8080-exec-1] o.s.web.servlet.DispatcherServlet        : Initializing Servlet 'dispatcherServlet'
2026-10-06T16:05:52.046+08:00  INFO 39208 --- [techo] [http-nio-0.0.0.0-8080-exec-1] o.s.web.servlet.DispatcherServlet        : Completed initialization in 3 ms
2026-10-06T16:11:43.065+08:00  INFO 39208 --- [techo] [SpringApplicationShutdownHook] o.s.boot.tomcat.GracefulShutdown         : Commencing graceful shutdown. Waiting for active requests to complete
2026-10-06T16:11:43.073+08:00  INFO 39208 --- [techo] [tomcat-shutdown] o.s.boot.tomcat.GracefulShutdown         : Graceful shutdown complete
2026-10-06T16:11:43.077+08:00  INFO 39208 --- [techo] [SpringApplicationShutdownHook] com.zaxxer.hikari.HikariDataSource       : techo-pool - Shutdown initiated...
2026-10-06T16:11:43.079+08:00  INFO 39208 --- [techo] [SpringApplicationShutdownHook] com.zaxxer.hikari.HikariDataSource       : techo-pool - Shutdown completed.
2026-10-06T16:11:45.027+08:00  INFO 40704 --- [techo] [main] com.techo.TechoApplication               : Starting TechoApplication using Java 27 with PID 40704 (D:\DSHWorkSpace\Techo\target\classes started by 40201 in D:\DSHworkspace\Techo)
2026-10-06T16:11:45.031+08:00  INFO 40704 --- [techo] [main] com.techo.TechoApplication               : No active profile set, falling back to 1 default profile: "default"
2026-10-06T16:11:45.949+08:00  INFO 40704 --- [techo] [main] o.s.boot.tomcat.TomcatWebServer          : Tomcat initialized with port 8080 (http)
2026-10-06T16:11:45.963+08:00  INFO 40704 --- [techo] [main] o.apache.catalina.core.StandardService   : Starting service [Tomcat]
2026-10-06T16:11:45.963+08:00  INFO 40704 --- [techo] [main] o.apache.catalina.core.StandardEngine    : Starting Servlet engine: [Apache Tomcat/11.0.24]
2026-10-06T16:11:46.029+08:00  INFO 40704 --- [techo] [main] b.w.c.s.WebApplicationContextInitializer : Root WebApplicationContext: initialization completed in 950 ms
2026-10-06T16:11:46.067+08:00  INFO 40704 --- [techo] [main] com.zaxxer.hikari.HikariDataSource       : techo-pool - Starting...
2026-10-06T16:11:46.275+08:00  INFO 40704 --- [techo] [main] com.zaxxer.hikari.pool.HikariPool        : techo-pool - Added connection org.sqlite.jdbc4.JDBC4Connection@60dd0587
2026-10-06T16:11:46.277+08:00  INFO 40704 --- [techo] [main] com.zaxxer.hikari.HikariDataSource       : techo-pool - Start completed.
2026-10-06T16:11:46.738+08:00  INFO 40704 --- [techo] [main] o.s.boot.tomcat.TomcatWebServer          : Tomcat started on port 8080 (http) with context path '/'
2026-10-06T16:11:46.745+08:00  INFO 40704 --- [techo] [main] com.techo.TechoApplication               : Started TechoApplication in 2.203 seconds (process running for 2.631)
2026-10-06T16:12:18.367+08:00  INFO 40704 --- [techo] [http-nio-0.0.0.0-8080-exec-1] o.a.c.c.C.[Tomcat].[localhost].[/]       : Initializing Spring DispatcherServlet 'dispatcherServlet'
2026-10-06T16:12:18.368+08:00  INFO 40704 --- [techo] [http-nio-0.0.0.0-8080-exec-1] o.s.web.servlet.DispatcherServlet        : Initializing Servlet 'dispatcherServlet'
2026-10-06T16:12:18.370+08:00  INFO 40704 --- [techo] [http-nio-0.0.0.0-8080-exec-1] o.s.web.servlet.DispatcherServlet        : Completed initialization in 1 ms
2026-10-06T16:16:55.472+08:00  INFO 40704 --- [techo] [SpringApplicationShutdownHook] o.s.boot.tomcat.GracefulShutdown         : Commencing graceful shutdown. Waiting for active requests to complete
2026-10-06T16:16:55.480+08:00  INFO 40704 --- [techo] [tomcat-shutdown] o.s.boot.tomcat.GracefulShutdown         : Graceful shutdown complete
2026-10-06T16:16:55.483+08:00  INFO 40704 --- [techo] [SpringApplicationShutdownHook] com.zaxxer.hikari.HikariDataSource       : techo-pool - Shutdown initiated...
2026-10-06T16:16:55.485+08:00  INFO 40704 --- [techo] [SpringApplicationShutdownHook] com.zaxxer.hikari.HikariDataSource       : techo-pool - Shutdown completed.
2026-10-06T16:16:57.370+08:00  INFO 35872 --- [techo] [main] com.techo.TechoApplication               : Starting TechoApplication using Java 27 with PID 35872 (D:\DSHWorkSpace\Techo\target\classes started by 40201 in D:\DSHworkspace\Techo)
2026-10-06T16:16:57.372+08:00  INFO 35872 --- [techo] [main] com.techo.TechoApplication               : No active profile set, falling back to 1 default profile: "default"
2026-10-06T16:16:58.301+08:00  INFO 35872 --- [techo] [main] o.s.boot.tomcat.TomcatWebServer          : Tomcat initialized with port 8080 (http)
2026-10-06T16:16:58.314+08:00  INFO 35872 --- [techo] [main] o.apache.catalina.core.StandardService   : Starting service [Tomcat]
2026-10-06T16:16:58.314+08:00  INFO 35872 --- [techo] [main] o.apache.catalina.core.StandardEngine    : Starting Servlet engine: [Apache Tomcat/11.0.24]
2026-10-06T16:16:58.367+08:00  INFO 35872 --- [techo] [main] b.w.c.s.WebApplicationContextInitializer : Root WebApplicationContext: initialization completed in 947 ms
2026-10-06T16:16:58.414+08:00  INFO 35872 --- [techo] [main] com.zaxxer.hikari.HikariDataSource       : techo-pool - Starting...
2026-10-06T16:16:58.602+08:00  INFO 35872 --- [techo] [main] com.zaxxer.hikari.pool.HikariPool        : techo-pool - Added connection org.sqlite.jdbc4.JDBC4Connection@724aefc3
2026-10-06T16:16:58.604+08:00  INFO 35872 --- [techo] [main] com.zaxxer.hikari.HikariDataSource       : techo-pool - Start completed.
2026-10-06T16:16:59.076+08:00  INFO 35872 --- [techo] [main] o.s.boot.tomcat.TomcatWebServer          : Tomcat started on port 8080 (http) with context path '/'
2026-10-06T16:16:59.083+08:00  INFO 35872 --- [techo] [main] com.techo.TechoApplication               : Started TechoApplication in 2.186 seconds (process running for 2.614)
2026-10-06T16:17:04.252+08:00  INFO 35872 --- [techo] [http-nio-0.0.0.0-8080-exec-1] o.a.c.c.C.[Tomcat].[localhost].[/]       : Initializing Spring DispatcherServlet 'dispatcherServlet'
2026-10-06T16:17:04.253+08:00  INFO 35872 --- [techo] [http-nio-0.0.0.0-8080-exec-1] o.s.web.servlet.DispatcherServlet        : Initializing Servlet 'dispatcherServlet'
2026-10-06T16:17:04.254+08:00  INFO 35872 --- [techo] [http-nio-0.0.0.0-8080-exec-1] o.s.web.servlet.DispatcherServlet        : Completed initialization in 1 ms
2026-10-06T16:21:47.056+08:00  INFO 35872 --- [techo] [SpringApplicationShutdownHook] o.s.boot.tomcat.GracefulShutdown         : Commencing graceful shutdown. Waiting for active requests to complete
2026-10-06T16:21:47.064+08:00  INFO 35872 --- [techo] [tomcat-shutdown] o.s.boot.tomcat.GracefulShutdown         : Graceful shutdown complete
2026-10-06T16:21:47.069+08:00  INFO 35872 --- [techo] [SpringApplicationShutdownHook] com.zaxxer.hikari.HikariDataSource       : techo-pool - Shutdown initiated...
2026-10-06T16:21:47.071+08:00  INFO 35872 --- [techo] [SpringApplicationShutdownHook] com.zaxxer.hikari.HikariDataSource       : techo-pool - Shutdown completed.
2026-10-06T16:21:48.895+08:00  INFO 39712 --- [techo] [main] com.techo.TechoApplication               : Starting TechoApplication using Java 27 with PID 39712 (D:\DSHWorkSpace\Techo\target\classes started by 40201 in D:\DSHworkspace\Techo)
2026-10-06T16:21:48.898+08:00  INFO 39712 --- [techo] [main] com.techo.TechoApplication               : No active profile set, falling back to 1 default profile: "default"
2026-10-06T16:21:49.813+08:00  INFO 39712 --- [techo] [main] o.s.boot.tomcat.TomcatWebServer          : Tomcat initialized with port 8080 (http)
2026-10-06T16:21:49.827+08:00  INFO 39712 --- [techo] [main] o.apache.catalina.core.StandardService   : Starting service [Tomcat]
2026-10-06T16:21:49.827+08:00  INFO 39712 --- [techo] [main] o.apache.catalina.core.StandardEngine    : Starting Servlet engine: [Apache Tomcat/11.0.24]
2026-10-06T16:21:49.880+08:00  INFO 39712 --- [techo] [main] b.w.c.s.WebApplicationContextInitializer : Root WebApplicationContext: initialization completed in 940 ms
2026-10-06T16:21:49.930+08:00  INFO 39712 --- [techo] [main] com.zaxxer.hikari.HikariDataSource       : techo-pool - Starting...
2026-10-06T16:21:50.123+08:00  INFO 39712 --- [techo] [main] com.zaxxer.hikari.pool.HikariPool        : techo-pool - Added connection org.sqlite.jdbc4.JDBC4Connection@311ff287
2026-10-06T16:21:50.125+08:00  INFO 39712 --- [techo] [main] com.zaxxer.hikari.HikariDataSource       : techo-pool - Start completed.
2026-10-06T16:21:50.591+08:00  INFO 39712 --- [techo] [main] o.s.boot.tomcat.TomcatWebServer          : Tomcat started on port 8080 (http) with context path '/'
2026-10-06T16:21:50.598+08:00  INFO 39712 --- [techo] [main] com.techo.TechoApplication               : Started TechoApplication in 2.194 seconds (process running for 2.619)
2026-10-06T16:22:21.283+08:00  INFO 39712 --- [techo] [http-nio-0.0.0.0-8080-exec-1] o.a.c.c.C.[Tomcat].[localhost].[/]       : Initializing Spring DispatcherServlet 'dispatcherServlet'
2026-10-06T16:22:21.285+08:00  INFO 39712 --- [techo] [http-nio-0.0.0.0-8080-exec-1] o.s.web.servlet.DispatcherServlet        : Initializing Servlet 'dispatcherServlet'
2026-10-06T16:22:21.287+08:00  INFO 39712 --- [techo] [http-nio-0.0.0.0-8080-exec-1] o.s.web.servlet.DispatcherServlet        : Completed initialization in 2 ms
2026-10-06T16:34:04.975+08:00  INFO 39712 --- [techo] [SpringApplicationShutdownHook] o.s.boot.tomcat.GracefulShutdown         : Commencing graceful shutdown. Waiting for active requests to complete
2026-10-06T16:34:04.984+08:00  INFO 39712 --- [techo] [tomcat-shutdown] o.s.boot.tomcat.GracefulShutdown         : Graceful shutdown complete
2026-10-06T16:34:04.989+08:00  INFO 39712 --- [techo] [SpringApplicationShutdownHook] com.zaxxer.hikari.HikariDataSource       : techo-pool - Shutdown initiated...
2026-10-06T16:34:04.992+08:00  INFO 39712 --- [techo] [SpringApplicationShutdownHook] com.zaxxer.hikari.HikariDataSource       : techo-pool - Shutdown completed.
2026-10-06T16:34:06.949+08:00  INFO 43736 --- [techo] [main] com.techo.TechoApplication               : Starting TechoApplication using Java 27 with PID 43736 (D:\DSHWorkSpace\Techo\target\classes started by 40201 in D:\DSHworkspace\Techo)
2026-10-06T16:34:06.952+08:00  INFO 43736 --- [techo] [main] com.techo.TechoApplication               : No active profile set, falling back to 1 default profile: "default"
2026-10-06T16:34:07.916+08:00  INFO 43736 --- [techo] [main] o.s.boot.tomcat.TomcatWebServer          : Tomcat initialized with port 8080 (http)
2026-10-06T16:34:07.932+08:00  INFO 43736 --- [techo] [main] o.apache.catalina.core.StandardService   : Starting service [Tomcat]
2026-10-06T16:34:07.932+08:00  INFO 43736 --- [techo] [main] o.apache.catalina.core.StandardEngine    : Starting Servlet engine: [Apache Tomcat/11.0.24]
2026-10-06T16:34:07.991+08:00  INFO 43736 --- [techo] [main] b.w.c.s.WebApplicationContextInitializer : Root WebApplicationContext: initialization completed in 991 ms
2026-10-06T16:34:08.046+08:00  INFO 43736 --- [techo] [main] com.zaxxer.hikari.HikariDataSource       : techo-pool - Starting...
2026-10-06T16:34:08.233+08:00  INFO 43736 --- [techo] [main] com.zaxxer.hikari.pool.HikariPool        : techo-pool - Added connection org.sqlite.jdbc4.JDBC4Connection@1a8b81e8
2026-10-06T16:34:08.235+08:00  INFO 43736 --- [techo] [main] com.zaxxer.hikari.HikariDataSource       : techo-pool - Start completed.
2026-10-06T16:34:08.711+08:00  INFO 43736 --- [techo] [main] o.s.boot.tomcat.TomcatWebServer          : Tomcat started on port 8080 (http) with context path '/'
2026-10-06T16:34:08.718+08:00  INFO 43736 --- [techo] [main] com.techo.TechoApplication               : Started TechoApplication in 2.274 seconds (process running for 2.74)
2026-10-06T16:34:16.833+08:00  INFO 43736 --- [techo] [http-nio-0.0.0.0-8080-exec-1] o.a.c.c.C.[Tomcat].[localhost].[/]       : Initializing Spring DispatcherServlet 'dispatcherServlet'
2026-10-06T16:34:16.834+08:00  INFO 43736 --- [techo] [http-nio-0.0.0.0-8080-exec-1] o.s.web.servlet.DispatcherServlet        : Initializing Servlet 'dispatcherServlet'
2026-10-06T16:34:16.838+08:00  INFO 43736 --- [techo] [http-nio-0.0.0.0-8080-exec-1] o.s.web.servlet.DispatcherServlet        : Completed initialization in 2 ms
2026-10-06T18:17:17.349+08:00  INFO 43736 --- [techo] [SpringApplicationShutdownHook] o.s.boot.tomcat.GracefulShutdown         : Commencing graceful shutdown. Waiting for active requests to complete
2026-10-06T18:17:17.358+08:00  INFO 43736 --- [techo] [tomcat-shutdown] o.s.boot.tomcat.GracefulShutdown         : Graceful shutdown complete
2026-10-06T18:17:17.362+08:00  INFO 43736 --- [techo] [SpringApplicationShutdownHook] com.zaxxer.hikari.HikariDataSource       : techo-pool - Shutdown initiated...
2026-10-06T18:17:17.364+08:00  INFO 43736 --- [techo] [SpringApplicationShutdownHook] com.zaxxer.hikari.HikariDataSource       : techo-pool - Shutdown completed.
2026-10-06T18:17:24.753+08:00  INFO 46560 --- [techo] [main] com.techo.TechoApplication               : Starting TechoApplication using Java 27 with PID 46560 (D:\DSHWorkSpace\Techo\target\classes started by 40201 in D:\DSHworkspace\Techo)
2026-10-06T18:17:24.756+08:00  INFO 46560 --- [techo] [main] com.techo.TechoApplication               : No active profile set, falling back to 1 default profile: "default"
2026-10-06T18:17:25.704+08:00  INFO 46560 --- [techo] [main] o.s.boot.tomcat.TomcatWebServer          : Tomcat initialized with port 8080 (http)
2026-10-06T18:17:25.718+08:00  INFO 46560 --- [techo] [main] o.apache.catalina.core.StandardService   : Starting service [Tomcat]
2026-10-06T18:17:25.718+08:00  INFO 46560 --- [techo] [main] o.apache.catalina.core.StandardEngine    : Starting Servlet engine: [Apache Tomcat/11.0.24]
2026-10-06T18:17:25.772+08:00  INFO 46560 --- [techo] [main] b.w.c.s.WebApplicationContextInitializer : Root WebApplicationContext: initialization completed in 968 ms
2026-10-06T18:17:25.823+08:00  INFO 46560 --- [techo] [main] com.zaxxer.hikari.HikariDataSource       : techo-pool - Starting...
2026-10-06T18:17:26.023+08:00  INFO 46560 --- [techo] [main] com.zaxxer.hikari.pool.HikariPool        : techo-pool - Added connection org.sqlite.jdbc4.JDBC4Connection@5034f5dd
2026-10-06T18:17:26.026+08:00  INFO 46560 --- [techo] [main] com.zaxxer.hikari.HikariDataSource       : techo-pool - Start completed.
2026-10-06T18:17:26.507+08:00  INFO 46560 --- [techo] [main] o.s.boot.tomcat.TomcatWebServer          : Tomcat started on port 8080 (http) with context path '/'
2026-10-06T18:17:26.515+08:00  INFO 46560 --- [techo] [main] com.techo.TechoApplication               : Started TechoApplication in 2.249 seconds (process running for 2.708)
2026-10-06T18:17:49.796+08:00  INFO 46560 --- [techo] [http-nio-0.0.0.0-8080-exec-1] o.a.c.c.C.[Tomcat].[localhost].[/]       : Initializing Spring DispatcherServlet 'dispatcherServlet'
2026-10-06T18:17:49.796+08:00  INFO 46560 --- [techo] [http-nio-0.0.0.0-8080-exec-1] o.s.web.servlet.DispatcherServlet        : Initializing Servlet 'dispatcherServlet'
2026-10-06T18:17:49.798+08:00  INFO 46560 --- [techo] [http-nio-0.0.0.0-8080-exec-1] o.s.web.servlet.DispatcherServlet        : Completed initialization in 2 ms
